// Jest Snapshot v1, https://goo.gl/fbAQLP

exports[`TopNav renders 1`] = `
ShallowWrapper {
  "length": 1,
  Symbol(enzyme.__root__): [Circular],
  Symbol(enzyme.__unrendered__): <TopNav />,
  Symbol(enzyme.__renderer__): Object {
    "batchedUpdates": [Function],
    "getNode": [Function],
    "render": [Function],
    "simulateEvent": [Function],
    "unmount": [Function],
  },
  Symbol(enzyme.__node__): Object {
    "instance": null,
    "key": undefined,
    "nodeType": "host",
    "props": Object {
      "children": <Row
        bsClass="row"
        componentClass="div"
>
        <NavItem
                className="item"
                text="WORK"
        />
        <span
                className="bullet"
        >
                ·
        </span>
        <NavItem
                className="item"
                text="ABOUT"
        />
        <span
                className="bullet"
        >
                ·
        </span>
        <NavItem
                className="item"
                text="CONTACT"
        />
</Row>,
      "className": "TopNav",
    },
    "ref": null,
    "rendered": Object {
      "instance": null,
      "key": undefined,
      "nodeType": "class",
      "props": Object {
        "bsClass": "row",
        "children": Array [
          <NavItem
            className="item"
            text="WORK"
/>,
          <span
            className="bullet"
>
            ·
</span>,
          <NavItem
            className="item"
            text="ABOUT"
/>,
          <span
            className="bullet"
>
            ·
</span>,
          <NavItem
            className="item"
            text="CONTACT"
/>,
        ],
        "componentClass": "div",
      },
      "ref": null,
      "rendered": Array [
        Object {
          "instance": null,
          "key": undefined,
          "nodeType": "function",
          "props": Object {
            "className": "item",
            "text": "WORK",
          },
          "ref": null,
          "rendered": null,
          "type": [Function],
        },
        Object {
          "instance": null,
          "key": undefined,
          "nodeType": "host",
          "props": Object {
            "children": "·",
            "className": "bullet",
          },
          "ref": null,
          "rendered": "·",
          "type": "span",
        },
        Object {
          "instance": null,
          "key": undefined,
          "nodeType": "function",
          "props": Object {
            "className": "item",
            "text": "ABOUT",
          },
          "ref": null,
          "rendered": null,
          "type": [Function],
        },
        Object {
          "instance": null,
          "key": undefined,
          "nodeType": "host",
          "props": Object {
            "children": "·",
            "className": "bullet",
          },
          "ref": null,
          "rendered": "·",
          "type": "span",
        },
        Object {
          "instance": null,
          "key": undefined,
          "nodeType": "function",
          "props": Object {
            "className": "item",
            "text": "CONTACT",
          },
          "ref": null,
          "rendered": null,
          "type": [Function],
        },
      ],
      "type": [Function],
    },
    "type": "div",
  },
  Symbol(enzyme.__nodes__): Array [
    Object {
      "instance": null,
      "key": undefined,
      "nodeType": "host",
      "props": Object {
        "children": <Row
          bsClass="row"
          componentClass="div"
>
          <NavItem
                    className="item"
                    text="WORK"
          />
          <span
                    className="bullet"
          >
                    ·
          </span>
          <NavItem
                    className="item"
                    text="ABOUT"
          />
          <span
                    className="bullet"
          >
                    ·
          </span>
          <NavItem
                    className="item"
                    text="CONTACT"
          />
</Row>,
        "className": "TopNav",
      },
      "ref": null,
      "rendered": Object {
        "instance": null,
        "key": undefined,
        "nodeType": "class",
        "props": Object {
          "bsClass": "row",
          "children": Array [
            <NavItem
              className="item"
              text="WORK"
/>,
            <span
              className="bullet"
>
              ·
</span>,
            <NavItem
              className="item"
              text="ABOUT"
/>,
            <span
              className="bullet"
>
              ·
</span>,
            <NavItem
              className="item"
              text="CONTACT"
/>,
          ],
          "componentClass": "div",
        },
        "ref": null,
        "rendered": Array [
          Object {
            "instance": null,
            "key": undefined,
            "nodeType": "function",
            "props": Object {
              "className": "item",
              "text": "WORK",
            },
            "ref": null,
            "rendered": null,
            "type": [Function],
          },
          Object {
            "instance": null,
            "key": undefined,
            "nodeType": "host",
            "props": Object {
              "children": "·",
              "className": "bullet",
            },
            "ref": null,
            "rendered": "·",
            "type": "span",
          },
          Object {
            "instance": null,
            "key": undefined,
            "nodeType": "function",
            "props": Object {
              "className": "item",
              "text": "ABOUT",
            },
            "ref": null,
            "rendered": null,
            "type": [Function],
          },
          Object {
            "instance": null,
            "key": undefined,
            "nodeType": "host",
            "props": Object {
              "children": "·",
              "className": "bullet",
            },
            "ref": null,
            "rendered": "·",
            "type": "span",
          },
          Object {
            "instance": null,
            "key": undefined,
            "nodeType": "function",
            "props": Object {
              "className": "item",
              "text": "CONTACT",
            },
            "ref": null,
            "rendered": null,
            "type": [Function],
          },
        ],
        "type": [Function],
      },
      "type": "div",
    },
  ],
  Symbol(enzyme.__options__): Object {
    "adapter": ReactSixteenAdapter {
      "options": Object {
        "enableComponentDidUpdateOnSetState": true,
      },
    },
  },
}
`;
