// Jest Snapshot v1, https://goo.gl/fbAQLP

exports[`AboutMe renders 1`] = `
ShallowWrapper {
  "length": 1,
  Symbol(enzyme.__root__): [Circular],
  Symbol(enzyme.__unrendered__): <AboutMe />,
  Symbol(enzyme.__renderer__): Object {
    "batchedUpdates": [Function],
    "getNode": [Function],
    "render": [Function],
    "simulateEvent": [Function],
    "unmount": [Function],
  },
  Symbol(enzyme.__node__): Object {
    "instance": null,
    "key": undefined,
    "nodeType": "host",
    "props": Object {
      "children": Array [
        <h6>
          SOMETHING
</h6>,
        <h1>
          ABOUT ME
</h1>,
        <div
          className="ipsum-lorem"
>
          Lorem ipsum officia aliqua commodo elit labore excepteur voluptate in culpa non anim minim quis. Enim ut in pariatur non ut commodo occaecat fugiat ut nisi adipisicing nostrud nisi eu.lorem Nostrud nisi ex magna est sunt proident tempor voluptate cupidatat dolore ut anim est irure id incididunt quis. Consectetur duis deserunt laborum id do proident adipisicing aute voluptate excepteur consectetur velit.
</div>,
      ],
      "className": "AboutMe",
    },
    "ref": null,
    "rendered": Array [
      Object {
        "instance": null,
        "key": undefined,
        "nodeType": "host",
        "props": Object {
          "children": "SOMETHING",
        },
        "ref": null,
        "rendered": "SOMETHING",
        "type": "h6",
      },
      Object {
        "instance": null,
        "key": undefined,
        "nodeType": "host",
        "props": Object {
          "children": "ABOUT ME",
        },
        "ref": null,
        "rendered": "ABOUT ME",
        "type": "h1",
      },
      Object {
        "instance": null,
        "key": undefined,
        "nodeType": "host",
        "props": Object {
          "children": "Lorem ipsum officia aliqua commodo elit labore excepteur voluptate in culpa non anim minim quis. Enim ut in pariatur non ut commodo occaecat fugiat ut nisi adipisicing nostrud nisi eu.lorem Nostrud nisi ex magna est sunt proident tempor voluptate cupidatat dolore ut anim est irure id incididunt quis. Consectetur duis deserunt laborum id do proident adipisicing aute voluptate excepteur consectetur velit.",
          "className": "ipsum-lorem",
        },
        "ref": null,
        "rendered": "Lorem ipsum officia aliqua commodo elit labore excepteur voluptate in culpa non anim minim quis. Enim ut in pariatur non ut commodo occaecat fugiat ut nisi adipisicing nostrud nisi eu.lorem Nostrud nisi ex magna est sunt proident tempor voluptate cupidatat dolore ut anim est irure id incididunt quis. Consectetur duis deserunt laborum id do proident adipisicing aute voluptate excepteur consectetur velit.",
        "type": "div",
      },
    ],
    "type": "div",
  },
  Symbol(enzyme.__nodes__): Array [
    Object {
      "instance": null,
      "key": undefined,
      "nodeType": "host",
      "props": Object {
        "children": Array [
          <h6>
            SOMETHING
</h6>,
          <h1>
            ABOUT ME
</h1>,
          <div
            className="ipsum-lorem"
>
            Lorem ipsum officia aliqua commodo elit labore excepteur voluptate in culpa non anim minim quis. Enim ut in pariatur non ut commodo occaecat fugiat ut nisi adipisicing nostrud nisi eu.lorem Nostrud nisi ex magna est sunt proident tempor voluptate cupidatat dolore ut anim est irure id incididunt quis. Consectetur duis deserunt laborum id do proident adipisicing aute voluptate excepteur consectetur velit.
</div>,
        ],
        "className": "AboutMe",
      },
      "ref": null,
      "rendered": Array [
        Object {
          "instance": null,
          "key": undefined,
          "nodeType": "host",
          "props": Object {
            "children": "SOMETHING",
          },
          "ref": null,
          "rendered": "SOMETHING",
          "type": "h6",
        },
        Object {
          "instance": null,
          "key": undefined,
          "nodeType": "host",
          "props": Object {
            "children": "ABOUT ME",
          },
          "ref": null,
          "rendered": "ABOUT ME",
          "type": "h1",
        },
        Object {
          "instance": null,
          "key": undefined,
          "nodeType": "host",
          "props": Object {
            "children": "Lorem ipsum officia aliqua commodo elit labore excepteur voluptate in culpa non anim minim quis. Enim ut in pariatur non ut commodo occaecat fugiat ut nisi adipisicing nostrud nisi eu.lorem Nostrud nisi ex magna est sunt proident tempor voluptate cupidatat dolore ut anim est irure id incididunt quis. Consectetur duis deserunt laborum id do proident adipisicing aute voluptate excepteur consectetur velit.",
            "className": "ipsum-lorem",
          },
          "ref": null,
          "rendered": "Lorem ipsum officia aliqua commodo elit labore excepteur voluptate in culpa non anim minim quis. Enim ut in pariatur non ut commodo occaecat fugiat ut nisi adipisicing nostrud nisi eu.lorem Nostrud nisi ex magna est sunt proident tempor voluptate cupidatat dolore ut anim est irure id incididunt quis. Consectetur duis deserunt laborum id do proident adipisicing aute voluptate excepteur consectetur velit.",
          "type": "div",
        },
      ],
      "type": "div",
    },
  ],
  Symbol(enzyme.__options__): Object {
    "adapter": ReactSixteenAdapter {
      "options": Object {
        "enableComponentDidUpdateOnSetState": true,
      },
    },
  },
}
`;
